2026-09-10T00:56:51Z | INFO | CUBLAS_WORKSPACE_CONFIG: :4096:8
2026-09-10T00:56:51Z | INFO | ========================================================================
2026-09-10T00:56:51Z | INFO | RESNET-18 REAL LR SCREENING
2026-09-10T00:56:51Z | INFO | ========================================================================
2026-09-10T00:56:51Z | INFO | Run ID: 20260910T005651_789477Z_resnet18_lr_screen_r256_seed8_sush-AMD_745f47f3
2026-09-10T00:56:51Z | INFO | Git commit: 745f47f3fccf43694e9cf3478a261f2fd902cac9
2026-09-10T00:56:51Z | INFO | Machine: sush-AMD
2026-09-10T00:56:51Z | INFO | Resolution: r256
2026-09-10T00:56:51Z | INFO | Run seed: 8
2026-09-10T00:56:51Z | INFO | Device: cuda
2026-09-10T00:56:51Z | INFO | Experiment config SHA-256: c16d807bdb71579661629b17c499a90359f41039076f2f1067312d6d5c1135c5
2026-09-10T00:56:51Z | INFO | Held-out test: NOT ACCESSED
2026-09-10T00:56:51Z | INFO | 
2026-09-10T00:56:51Z | INFO | Starting scientific training:
2026-09-10T00:56:51Z | INFO |   Stage A once, then Stage B for backbone LRs [3e-5, 1e-4, 3e-4].
2026-09-10T00:56:51Z | INFO |   Live epoch timing/loss/AUROC progress will be logged below.
2026-09-10T00:56:51Z | INFO | Resolution screen start | resolution=r256 | seed=8 | stage_b_backbone_lrs=(3e-05, 0.0001, 0.0003)
2026-09-10T00:56:51Z | INFO | Stage A start | resolution=r256 | seed=8
2026-09-10T00:56:52Z | INFO | Stage start | stage=stage_a | maximum_epochs=10 | patience=2
2026-09-10T00:57:22Z | INFO | Epoch complete | stage=stage_a | epoch=1/10 | train_loss=0.703452051617 | dev_loss=0.696641382796 | AUROC=0.640586953736 | raw_best_epoch=1 | raw_best_loss=0.696641382796 | checkpoint_updated=True | patience=0/2 | meaningful_improvement=None | stop=False | train_seconds=23.110 | dev_seconds=7.547 | epoch_seconds=30.706
2026-09-10T00:57:53Z | INFO | Epoch complete | stage=stage_a | epoch=2/10 | train_loss=0.667089173674 | dev_loss=0.658199910245 | AUROC=0.705604681960 | raw_best_epoch=2 | raw_best_loss=0.658199910245 | checkpoint_updated=True | patience=0/2 | meaningful_improvement=True | stop=False | train_seconds=23.225 | dev_seconds=7.537 | epoch_seconds=30.812
2026-09-10T00:58:23Z | INFO | Epoch complete | stage=stage_a | epoch=3/10 | train_loss=0.657871827235 | dev_loss=0.659260556913 | AUROC=0.737408688966 | raw_best_epoch=2 | raw_best_loss=0.658199910245 | checkpoint_updated=False | patience=1/2 | meaningful_improvement=False | stop=False | train_seconds=22.714 | dev_seconds=7.362 | epoch_seconds=30.076
2026-09-10T00:58:53Z | INFO | Epoch complete | stage=stage_a | epoch=4/10 | train_loss=0.637765459665 | dev_loss=0.642809596586 | AUROC=0.758767995216 | raw_best_epoch=4 | raw_best_loss=0.642809596586 | checkpoint_updated=True | patience=0/2 | meaningful_improvement=True | stop=False | train_seconds=22.795 | dev_seconds=7.443 | epoch_seconds=30.287
2026-09-10T00:59:24Z | INFO | Epoch complete | stage=stage_a | epoch=5/10 | train_loss=0.631700356046 | dev_loss=0.625210589119 | AUROC=0.765453458072 | raw_best_epoch=5 | raw_best_loss=0.625210589119 | checkpoint_updated=True | patience=0/2 | meaningful_improvement=True | stop=False | train_seconds=22.911 | dev_seconds=7.408 | epoch_seconds=30.370
2026-09-10T00:59:54Z | INFO | Epoch complete | stage=stage_a | epoch=6/10 | train_loss=0.617074509110 | dev_loss=0.637505571177 | AUROC=0.772843778034 | raw_best_epoch=5 | raw_best_loss=0.625210589119 | checkpoint_updated=False | patience=1/2 | meaningful_improvement=False | stop=False | train_seconds=22.986 | dev_seconds=7.477 | epoch_seconds=30.464
2026-09-10T01:00:25Z | INFO | Epoch complete | stage=stage_a | epoch=7/10 | train_loss=0.622352898167 | dev_loss=0.624011937082 | AUROC=0.790465205690 | raw_best_epoch=7 | raw_best_loss=0.624011937082 | checkpoint_updated=True | patience=2/2 | meaningful_improvement=False | stop=True | train_seconds=22.957 | dev_seconds=7.417 | epoch_seconds=30.423
2026-09-10T01:00:25Z | INFO | Stage complete | stage=stage_a | epochs=7 | stop=patience | raw_best_epoch=7 | raw_best_loss=0.624011937082 | AUROC_at_raw_best=0.790465205690 | best_AUROC=0.790465205690 | best_AUROC_epoch=7
2026-09-10T01:00:25Z | INFO | Stage A selected checkpoint | resolution=r256 | seed=8 | epoch=7 | weighted_dev_loss=0.624011937082 | model_sha256=f8b42a2405152fc7c74a7d714426557a137601d0ccb4d86d4b9e2a783d8b4ff7
2026-09-10T01:00:25Z | INFO | Stage B branch start | resolution=r256 | seed=8 | backbone_lr=3e-05
2026-09-10T01:00:25Z | INFO | Stage start | stage=stage_b | maximum_epochs=30 | patience=5
2026-09-10T01:00:55Z | INFO | Epoch complete | stage=stage_b | epoch=1/30 | train_loss=0.638351871866 | dev_loss=0.701335898318 | AUROC=0.873510188389 | raw_best_epoch=1 | raw_best_loss=0.701335898318 | checkpoint_updated=True | patience=0/5 | meaningful_improvement=None | stop=False | train_seconds=22.812 | dev_seconds=7.464 | epoch_seconds=30.327
2026-09-10T01:00:55Z | INFO | Stage transition | stage=stage_b | epoch=1 | Backbone unfrozen and BatchNorm running statistics begin FantasyID domain adaptation; transient dev-loss movement is expected.
2026-09-10T01:01:27Z | INFO | Epoch complete | stage=stage_b | epoch=2/30 | train_loss=0.312704444830 | dev_loss=0.239952862266 | AUROC=0.976248451450 | raw_best_epoch=2 | raw_best_loss=0.239952862266 | checkpoint_updated=True | patience=0/5 | meaningful_improvement=True | stop=False | train_seconds=23.651 | dev_seconds=7.523 | epoch_seconds=31.222
2026-09-10T01:01:57Z | INFO | Epoch complete | stage=stage_b | epoch=3/30 | train_loss=0.154805890435 | dev_loss=0.166601018594 | AUROC=0.989363065488 | raw_best_epoch=3 | raw_best_loss=0.166601018594 | checkpoint_updated=True | patience=0/5 | meaningful_improvement=True | stop=False | train_seconds=22.905 | dev_seconds=7.471 | epoch_seconds=30.425
2026-09-10T01:02:27Z | INFO | Epoch complete | stage=stage_b | epoch=4/30 | train_loss=0.063608161654 | dev_loss=0.243868192612 | AUROC=0.989619377163 | raw_best_epoch=3 | raw_best_loss=0.166601018594 | checkpoint_updated=False | patience=1/5 | meaningful_improvement=False | stop=False | train_seconds=22.717 | dev_seconds=7.346 | epoch_seconds=30.063
2026-09-10T01:02:57Z | INFO | Epoch complete | stage=stage_b | epoch=5/30 | train_loss=0.041169675252 | dev_loss=0.258717929919 | AUROC=0.989854329531 | raw_best_epoch=3 | raw_best_loss=0.166601018594 | checkpoint_updated=False | patience=2/5 | meaningful_improvement=False | stop=False | train_seconds=22.536 | dev_seconds=7.331 | epoch_seconds=29.867
2026-09-10T01:03:27Z | INFO | Epoch complete | stage=stage_b | epoch=6/30 | train_loss=0.023348309512 | dev_loss=0.290805920930 | AUROC=0.990537827331 | raw_best_epoch=3 | raw_best_loss=0.166601018594 | checkpoint_updated=False | patience=3/5 | meaningful_improvement=False | stop=False | train_seconds=22.826 | dev_seconds=7.336 | epoch_seconds=30.162
2026-09-10T01:03:57Z | INFO | Epoch complete | stage=stage_b | epoch=7/30 | train_loss=0.013065683899 | dev_loss=0.182514896161 | AUROC=0.989405784100 | raw_best_epoch=3 | raw_best_loss=0.166601018594 | checkpoint_updated=False | patience=4/5 | meaningful_improvement=False | stop=False | train_seconds=22.602 | dev_seconds=7.294 | epoch_seconds=29.897
2026-09-10T01:04:27Z | INFO | Epoch complete | stage=stage_b | epoch=8/30 | train_loss=0.008995276715 | dev_loss=0.140032487990 | AUROC=0.993271818531 | raw_best_epoch=8 | raw_best_loss=0.140032487990 | checkpoint_updated=True | patience=0/5 | meaningful_improvement=True | stop=False | train_seconds=22.629 | dev_seconds=7.335 | epoch_seconds=30.015
2026-09-10T01:04:58Z | INFO | Epoch complete | stage=stage_b | epoch=9/30 | train_loss=0.011244297804 | dev_loss=0.315962805183 | AUROC=0.990217437738 | raw_best_epoch=8 | raw_best_loss=0.140032487990 | checkpoint_updated=False | patience=1/5 | meaningful_improvement=False | stop=False | train_seconds=23.157 | dev_seconds=7.431 | epoch_seconds=30.589
2026-09-10T01:05:28Z | INFO | Epoch complete | stage=stage_b | epoch=10/30 | train_loss=0.010845150144 | dev_loss=0.228934776740 | AUROC=0.991349480969 | raw_best_epoch=8 | raw_best_loss=0.140032487990 | checkpoint_updated=False | patience=2/5 | meaningful_improvement=False | stop=False | train_seconds=22.992 | dev_seconds=7.439 | epoch_seconds=30.432
2026-09-10T01:05:59Z | INFO | Epoch complete | stage=stage_b | epoch=11/30 | train_loss=0.016069042698 | dev_loss=0.203231786517 | AUROC=0.992139775300 | raw_best_epoch=8 | raw_best_loss=0.140032487990 | checkpoint_updated=False | patience=3/5 | meaningful_improvement=False | stop=False | train_seconds=23.071 | dev_seconds=7.437 | epoch_seconds=30.508
2026-09-10T01:06:29Z | INFO | Epoch complete | stage=stage_b | epoch=12/30 | train_loss=0.028530049318 | dev_loss=0.391766751226 | AUROC=0.990046563288 | raw_best_epoch=8 | raw_best_loss=0.140032487990 | checkpoint_updated=False | patience=4/5 | meaningful_improvement=False | stop=False | train_seconds=22.973 | dev_seconds=7.412 | epoch_seconds=30.385
2026-09-10T01:07:00Z | INFO | Epoch complete | stage=stage_b | epoch=13/30 | train_loss=0.018160266162 | dev_loss=0.210163165450 | AUROC=0.988102866419 | raw_best_epoch=8 | raw_best_loss=0.140032487990 | checkpoint_updated=False | patience=5/5 | meaningful_improvement=False | stop=True | train_seconds=23.193 | dev_seconds=7.420 | epoch_seconds=30.613
2026-09-10T01:07:00Z | INFO | Stage complete | stage=stage_b | epochs=13 | stop=patience | raw_best_epoch=8 | raw_best_loss=0.140032487990 | AUROC_at_raw_best=0.993271818531 | best_AUROC=0.993271818531 | best_AUROC_epoch=8
2026-09-10T01:07:00Z | INFO | Stage B branch complete | resolution=r256 | seed=8 | backbone_lr=3e-05 | epochs=13 | raw_best_epoch=8 | raw_best_dev_loss=0.140032487990 | AUROC_at_raw_best=0.993271818531 | best_AUROC=0.993271818531 | AUROC_difference=0.000000000000 | protocol_review=False
2026-09-10T01:07:00Z | INFO | Stage B branch start | resolution=r256 | seed=8 | backbone_lr=0.0001
2026-09-10T01:07:00Z | INFO | Stage start | stage=stage_b | maximum_epochs=30 | patience=5
2026-09-10T01:07:30Z | INFO | Epoch complete | stage=stage_b | epoch=1/30 | train_loss=0.582208350093 | dev_loss=0.640933565574 | AUROC=0.949421162801 | raw_best_epoch=1 | raw_best_loss=0.640933565574 | checkpoint_updated=True | patience=0/5 | meaningful_improvement=None | stop=False | train_seconds=22.953 | dev_seconds=7.421 | epoch_seconds=30.425
2026-09-10T01:07:30Z | INFO | Stage transition | stage=stage_b | epoch=1 | Backbone unfrozen and BatchNorm running statistics begin FantasyID domain adaptation; transient dev-loss movement is expected.
2026-09-10T01:08:01Z | INFO | Epoch complete | stage=stage_b | epoch=2/30 | train_loss=0.157867636337 | dev_loss=0.125021696931 | AUROC=0.992011619463 | raw_best_epoch=2 | raw_best_loss=0.125021696931 | checkpoint_updated=True | patience=0/5 | meaningful_improvement=True | stop=False | train_seconds=23.457 | dev_seconds=7.549 | epoch_seconds=31.056
2026-09-10T01:08:32Z | INFO | Epoch complete | stage=stage_b | epoch=3/30 | train_loss=0.071211775674 | dev_loss=0.139333868111 | AUROC=0.989491221325 | raw_best_epoch=2 | raw_best_loss=0.125021696931 | checkpoint_updated=False | patience=1/5 | meaningful_improvement=False | stop=False | train_seconds=23.010 | dev_seconds=7.423 | epoch_seconds=30.433
2026-09-10T01:09:02Z | INFO | Epoch complete | stage=stage_b | epoch=4/30 | train_loss=0.031814441009 | dev_loss=0.352703330936 | AUROC=0.989662095775 | raw_best_epoch=2 | raw_best_loss=0.125021696931 | checkpoint_updated=False | patience=2/5 | meaningful_improvement=False | stop=False | train_seconds=23.127 | dev_seconds=7.361 | epoch_seconds=30.489
2026-09-10T01:09:32Z | INFO | Epoch complete | stage=stage_b | epoch=5/30 | train_loss=0.065305543304 | dev_loss=0.190130470228 | AUROC=0.985603827588 | raw_best_epoch=2 | raw_best_loss=0.125021696931 | checkpoint_updated=False | patience=3/5 | meaningful_improvement=False | stop=False | train_seconds=22.611 | dev_seconds=7.370 | epoch_seconds=29.982
2026-09-10T01:10:03Z | INFO | Epoch complete | stage=stage_b | epoch=6/30 | train_loss=0.036270671313 | dev_loss=0.233817118772 | AUROC=0.993421333675 | raw_best_epoch=2 | raw_best_loss=0.125021696931 | checkpoint_updated=False | patience=4/5 | meaningful_improvement=False | stop=False | train_seconds=23.169 | dev_seconds=7.458 | epoch_seconds=30.627
2026-09-10T01:10:34Z | INFO | Epoch complete | stage=stage_b | epoch=7/30 | train_loss=0.013782075615 | dev_loss=0.119844252001 | AUROC=0.994852407194 | raw_best_epoch=7 | raw_best_loss=0.119844252001 | checkpoint_updated=True | patience=0/5 | meaningful_improvement=True | stop=False | train_seconds=23.224 | dev_seconds=7.525 | epoch_seconds=30.798
2026-09-10T01:11:04Z | INFO | Epoch complete | stage=stage_b | epoch=8/30 | train_loss=0.007291158173 | dev_loss=0.111444991451 | AUROC=0.994211628006 | raw_best_epoch=8 | raw_best_loss=0.111444991451 | checkpoint_updated=True | patience=0/5 | meaningful_improvement=True | stop=False | train_seconds=22.593 | dev_seconds=7.343 | epoch_seconds=29.987
2026-09-10T01:11:35Z | INFO | Epoch complete | stage=stage_b | epoch=9/30 | train_loss=0.015538168033 | dev_loss=0.104426344943 | AUROC=0.995749498056 | raw_best_epoch=9 | raw_best_loss=0.104426344943 | checkpoint_updated=True | patience=0/5 | meaningful_improvement=True | stop=False | train_seconds=23.138 | dev_seconds=7.581 | epoch_seconds=30.769
2026-09-10T01:12:05Z | INFO | Epoch complete | stage=stage_b | epoch=10/30 | train_loss=0.017097739813 | dev_loss=0.118579596389 | AUROC=0.995001922338 | raw_best_epoch=9 | raw_best_loss=0.104426344943 | checkpoint_updated=False | patience=1/5 | meaningful_improvement=False | stop=False | train_seconds=22.942 | dev_seconds=7.378 | epoch_seconds=30.321
2026-09-10T01:12:35Z | INFO | Epoch complete | stage=stage_b | epoch=11/30 | train_loss=0.003370896641 | dev_loss=0.105364714706 | AUROC=0.996774744756 | raw_best_epoch=9 | raw_best_loss=0.104426344943 | checkpoint_updated=False | patience=2/5 | meaningful_improvement=False | stop=False | train_seconds=23.007 | dev_seconds=7.427 | epoch_seconds=30.434
2026-09-10T01:13:05Z | INFO | Epoch complete | stage=stage_b | epoch=12/30 | train_loss=0.007817399097 | dev_loss=0.109713683643 | AUROC=0.995728138750 | raw_best_epoch=9 | raw_best_loss=0.104426344943 | checkpoint_updated=False | patience=3/5 | meaningful_improvement=False | stop=False | train_seconds=22.563 | dev_seconds=7.357 | epoch_seconds=29.920
2026-09-10T01:13:35Z | INFO | Epoch complete | stage=stage_b | epoch=13/30 | train_loss=0.030662357886 | dev_loss=0.156365253065 | AUROC=0.996326199325 | raw_best_epoch=9 | raw_best_loss=0.104426344943 | checkpoint_updated=False | patience=4/5 | meaningful_improvement=False | stop=False | train_seconds=22.722 | dev_seconds=7.341 | epoch_seconds=30.064
2026-09-10T01:14:05Z | INFO | Epoch complete | stage=stage_b | epoch=14/30 | train_loss=0.034565138170 | dev_loss=0.129577365879 | AUROC=0.991862104319 | raw_best_epoch=9 | raw_best_loss=0.104426344943 | checkpoint_updated=False | patience=5/5 | meaningful_improvement=False | stop=True | train_seconds=22.480 | dev_seconds=7.376 | epoch_seconds=29.856
2026-09-10T01:14:05Z | INFO | Stage complete | stage=stage_b | epochs=14 | stop=patience | raw_best_epoch=9 | raw_best_loss=0.104426344943 | AUROC_at_raw_best=0.995749498056 | best_AUROC=0.996774744756 | best_AUROC_epoch=11
2026-09-10T01:14:05Z | INFO | Stage B branch complete | resolution=r256 | seed=8 | backbone_lr=0.0001 | epochs=14 | raw_best_epoch=9 | raw_best_dev_loss=0.104426344943 | AUROC_at_raw_best=0.995749498056 | best_AUROC=0.996774744756 | AUROC_difference=0.001025246700 | protocol_review=False
2026-09-10T01:14:05Z | INFO | Stage B branch start | resolution=r256 | seed=8 | backbone_lr=0.0003
2026-09-10T01:14:06Z | INFO | Stage start | stage=stage_b | maximum_epochs=30 | patience=5
2026-09-10T01:14:36Z | INFO | Epoch complete | stage=stage_b | epoch=1/30 | train_loss=0.560599222635 | dev_loss=0.343918908822 | AUROC=0.949250288351 | raw_best_epoch=1 | raw_best_loss=0.343918908822 | checkpoint_updated=True | patience=0/5 | meaningful_improvement=None | stop=False | train_seconds=22.701 | dev_seconds=7.359 | epoch_seconds=30.109
2026-09-10T01:14:36Z | INFO | Stage transition | stage=stage_b | epoch=1 | Backbone unfrozen and BatchNorm running statistics begin FantasyID domain adaptation; transient dev-loss movement is expected.
2026-09-10T01:15:06Z | INFO | Epoch complete | stage=stage_b | epoch=2/30 | train_loss=0.154437172227 | dev_loss=0.211191905152 | AUROC=0.984685377419 | raw_best_epoch=2 | raw_best_loss=0.211191905152 | checkpoint_updated=True | patience=0/5 | meaningful_improvement=True | stop=False | train_seconds=23.231 | dev_seconds=7.486 | epoch_seconds=30.766
2026-09-10T01:15:36Z | INFO | Epoch complete | stage=stage_b | epoch=3/30 | train_loss=0.090161461493 | dev_loss=0.144129311907 | AUROC=0.990196078431 | raw_best_epoch=3 | raw_best_loss=0.144129311907 | checkpoint_updated=True | patience=0/5 | meaningful_improvement=True | stop=False | train_seconds=22.677 | dev_seconds=7.301 | epoch_seconds=30.028
2026-09-10T01:16:06Z | INFO | Epoch complete | stage=stage_b | epoch=4/30 | train_loss=0.043342874344 | dev_loss=0.160220927947 | AUROC=0.992438805588 | raw_best_epoch=3 | raw_best_loss=0.144129311907 | checkpoint_updated=False | patience=1/5 | meaningful_improvement=False | stop=False | train_seconds=22.463 | dev_seconds=7.261 | epoch_seconds=29.724
2026-09-10T01:16:36Z | INFO | Epoch complete | stage=stage_b | epoch=5/30 | train_loss=0.041042701521 | dev_loss=0.084078292643 | AUROC=0.995599982913 | raw_best_epoch=5 | raw_best_loss=0.084078292643 | checkpoint_updated=True | patience=0/5 | meaningful_improvement=True | stop=False | train_seconds=22.539 | dev_seconds=7.319 | epoch_seconds=29.909
2026-09-10T01:17:06Z | INFO | Epoch complete | stage=stage_b | epoch=6/30 | train_loss=0.019942841959 | dev_loss=0.113465367612 | AUROC=0.995300952625 | raw_best_epoch=5 | raw_best_loss=0.084078292643 | checkpoint_updated=False | patience=1/5 | meaningful_improvement=False | stop=False | train_seconds=22.442 | dev_seconds=7.300 | epoch_seconds=29.742
2026-09-10T01:17:36Z | INFO | Epoch complete | stage=stage_b | epoch=7/30 | train_loss=0.041323474373 | dev_loss=0.573735332547 | AUROC=0.986052373019 | raw_best_epoch=5 | raw_best_loss=0.084078292643 | checkpoint_updated=False | patience=2/5 | meaningful_improvement=False | stop=False | train_seconds=22.816 | dev_seconds=7.347 | epoch_seconds=30.163
2026-09-10T01:18:06Z | INFO | Epoch complete | stage=stage_b | epoch=8/30 | train_loss=0.020088271967 | dev_loss=0.114970395679 | AUROC=0.993998034944 | raw_best_epoch=5 | raw_best_loss=0.084078292643 | checkpoint_updated=False | patience=3/5 | meaningful_improvement=False | stop=False | train_seconds=22.390 | dev_seconds=7.384 | epoch_seconds=29.775
2026-09-10T01:18:36Z | INFO | Epoch complete | stage=stage_b | epoch=9/30 | train_loss=0.015778200295 | dev_loss=0.154188461679 | AUROC=0.992054338075 | raw_best_epoch=5 | raw_best_loss=0.084078292643 | checkpoint_updated=False | patience=4/5 | meaningful_improvement=False | stop=False | train_seconds=22.517 | dev_seconds=7.347 | epoch_seconds=29.865
2026-09-10T01:19:06Z | INFO | Epoch complete | stage=stage_b | epoch=10/30 | train_loss=0.010025846457 | dev_loss=0.171149884583 | AUROC=0.992097056688 | raw_best_epoch=5 | raw_best_loss=0.084078292643 | checkpoint_updated=False | patience=5/5 | meaningful_improvement=False | stop=True | train_seconds=22.645 | dev_seconds=7.354 | epoch_seconds=30.000
2026-09-10T01:19:06Z | INFO | Stage complete | stage=stage_b | epochs=10 | stop=patience | raw_best_epoch=5 | raw_best_loss=0.084078292643 | AUROC_at_raw_best=0.995599982913 | best_AUROC=0.995599982913 | best_AUROC_epoch=5
2026-09-10T01:19:06Z | INFO | Stage B branch complete | resolution=r256 | seed=8 | backbone_lr=0.0003 | epochs=10 | raw_best_epoch=5 | raw_best_dev_loss=0.084078292643 | AUROC_at_raw_best=0.995599982913 | best_AUROC=0.995599982913 | AUROC_difference=0.000000000000 | protocol_review=False
2026-09-10T01:19:06Z | INFO | Resolution screen selection | resolution=r256 | seed=8 | selected_backbone_lr=0.0003 | selected_dev_loss=0.084078292643 | exact_loss_tie=False | protocol_review_required=False
2026-09-10T01:19:06Z | INFO | Stage A complete | epochs=7 | stop=patience | raw_best_epoch=7 | raw_best_dev_loss=0.624011937082 | AUROC_at_raw_best=0.790465205690 | best_AUROC=0.790465205690
2026-09-10T01:19:06Z | INFO | Stage B complete | backbone_lr=3e-05 | epochs=13 | stop=patience | raw_best_epoch=8 | raw_best_dev_loss=0.140032487990 | AUROC_at_raw_best=0.993271818531 | best_AUROC=0.993271818531 | AUROC_difference=0.000000000000 | protocol_review=False
2026-09-10T01:19:06Z | INFO | Stage B complete | backbone_lr=0.0001 | epochs=14 | stop=patience | raw_best_epoch=9 | raw_best_dev_loss=0.104426344943 | AUROC_at_raw_best=0.995749498056 | best_AUROC=0.996774744756 | AUROC_difference=0.001025246700 | protocol_review=False
2026-09-10T01:19:06Z | INFO | Stage B complete | backbone_lr=0.0003 | epochs=10 | stop=patience | raw_best_epoch=5 | raw_best_dev_loss=0.084078292643 | AUROC_at_raw_best=0.995599982913 | best_AUROC=0.995599982913 | AUROC_difference=0.000000000000 | protocol_review=False
2026-09-10T01:19:06Z | INFO | LR selection | selected_backbone_lr=0.0003 | selected_raw_best_dev_loss=0.084078292643 | exact_loss_tie=False | protocol_review_required=False
2026-09-10T01:19:06Z | INFO | Scientific screening complete | total_epochs=44 | duration_seconds=1334.470 | mean_seconds_per_epoch=30.329
2026-09-10T01:19:06Z | INFO | 
2026-09-10T01:19:06Z | INFO | ========================================================================
2026-09-10T01:19:06Z | INFO | REAL LR SCREENING: PASS
2026-09-10T01:19:06Z | INFO | ========================================================================
2026-09-10T01:19:06Z | INFO | Run directory: /home/sush/ForgedDocDetect/runs/20260910T005651_789477Z_resnet18_lr_screen_r256_seed8_sush-AMD_745f47f3
2026-09-10T01:19:06Z | INFO | Selected backbone LR: 0.0003
2026-09-10T01:19:06Z | INFO | Selected raw-best weighted dev loss: 0.084078292643
2026-09-10T01:19:06Z | INFO | Artifact manifest: /home/sush/ForgedDocDetect/runs/20260910T005651_789477Z_resnet18_lr_screen_r256_seed8_sush-AMD_745f47f3/manifests/lr_screening_artifacts.yaml
2026-09-10T01:19:06Z | INFO | Protocol review required: False
2026-09-10T01:19:06Z | INFO | Held-out test: NOT ACCESSED
