2026-09-10T00:57:13Z | INFO | CUBLAS_WORKSPACE_CONFIG: :4096:8
2026-09-10T00:57:13Z | INFO | ========================================================================
2026-09-10T00:57:13Z | INFO | RESNET-18 REAL LR SCREENING
2026-09-10T00:57:13Z | INFO | ========================================================================
2026-09-10T00:57:13Z | INFO | Run ID: 20260910T005713_188852Z_resnet18_lr_screen_r512_seed8_IMTA134_745f47f3
2026-09-10T00:57:13Z | INFO | Git commit: 745f47f3fccf43694e9cf3478a261f2fd902cac9
2026-09-10T00:57:13Z | INFO | Machine: IMTA134
2026-09-10T00:57:13Z | INFO | Resolution: r512
2026-09-10T00:57:13Z | INFO | Run seed: 8
2026-09-10T00:57:13Z | INFO | Device: cuda
2026-09-10T00:57:13Z | INFO | Experiment config SHA-256: c16d807bdb71579661629b17c499a90359f41039076f2f1067312d6d5c1135c5
2026-09-10T00:57:13Z | INFO | Held-out test: NOT ACCESSED
2026-09-10T00:57:13Z | INFO | 
2026-09-10T00:57:13Z | INFO | Starting scientific training:
2026-09-10T00:57:13Z | INFO |   Stage A once, then Stage B for backbone LRs [3e-5, 1e-4, 3e-4].
2026-09-10T00:57:13Z | INFO |   Live epoch timing/loss/AUROC progress will be logged below.
2026-09-10T00:57:13Z | INFO | Resolution screen start | resolution=r512 | seed=8 | stage_b_backbone_lrs=(3e-05, 0.0001, 0.0003)
2026-09-10T00:57:13Z | INFO | Stage A start | resolution=r512 | seed=8
2026-09-10T00:57:14Z | INFO | Stage start | stage=stage_a | maximum_epochs=10 | patience=2
2026-09-10T00:57:42Z | INFO | Epoch complete | stage=stage_a | epoch=1/10 | train_loss=0.701072603185 | dev_loss=0.684657277300 | AUROC=0.660686060917 | raw_best_epoch=1 | raw_best_loss=0.684657277300 | checkpoint_updated=True | patience=0/2 | meaningful_improvement=None | stop=False | train_seconds=20.252 | dev_seconds=7.935 | epoch_seconds=28.319
2026-09-10T00:58:10Z | INFO | Epoch complete | stage=stage_a | epoch=2/10 | train_loss=0.671269900341 | dev_loss=0.659846521735 | AUROC=0.741360160622 | raw_best_epoch=2 | raw_best_loss=0.659846521735 | checkpoint_updated=True | patience=0/2 | meaningful_improvement=True | stop=False | train_seconds=20.272 | dev_seconds=7.846 | epoch_seconds=28.250
2026-09-10T00:58:39Z | INFO | Epoch complete | stage=stage_a | epoch=3/10 | train_loss=0.664448655945 | dev_loss=0.662222250939 | AUROC=0.771604938272 | raw_best_epoch=2 | raw_best_loss=0.659846521735 | checkpoint_updated=False | patience=1/2 | meaningful_improvement=False | stop=False | train_seconds=20.754 | dev_seconds=7.857 | epoch_seconds=28.613
2026-09-10T00:59:07Z | INFO | Epoch complete | stage=stage_a | epoch=4/10 | train_loss=0.646115448460 | dev_loss=0.644806728027 | AUROC=0.794886582084 | raw_best_epoch=4 | raw_best_loss=0.644806728027 | checkpoint_updated=True | patience=0/2 | meaningful_improvement=True | stop=False | train_seconds=20.252 | dev_seconds=7.800 | epoch_seconds=28.174
2026-09-10T00:59:35Z | INFO | Epoch complete | stage=stage_a | epoch=5/10 | train_loss=0.638029181067 | dev_loss=0.627416859460 | AUROC=0.810735187321 | raw_best_epoch=5 | raw_best_loss=0.627416859460 | checkpoint_updated=True | patience=0/2 | meaningful_improvement=True | stop=False | train_seconds=20.211 | dev_seconds=7.801 | epoch_seconds=28.135
2026-09-10T01:00:03Z | INFO | Epoch complete | stage=stage_a | epoch=6/10 | train_loss=0.622359612367 | dev_loss=0.651575162390 | AUROC=0.819001238840 | raw_best_epoch=5 | raw_best_loss=0.627416859460 | checkpoint_updated=False | patience=1/2 | meaningful_improvement=False | stop=False | train_seconds=20.320 | dev_seconds=7.818 | epoch_seconds=28.138
2026-09-10T01:00:32Z | INFO | Epoch complete | stage=stage_a | epoch=7/10 | train_loss=0.629991843738 | dev_loss=0.622780238848 | AUROC=0.828869238327 | raw_best_epoch=7 | raw_best_loss=0.622780238848 | checkpoint_updated=True | patience=0/2 | meaningful_improvement=True | stop=False | train_seconds=20.227 | dev_seconds=7.982 | epoch_seconds=28.326
2026-09-10T01:01:01Z | INFO | Epoch complete | stage=stage_a | epoch=8/10 | train_loss=0.605231961339 | dev_loss=0.612345478893 | AUROC=0.834913921996 | raw_best_epoch=8 | raw_best_loss=0.612345478893 | checkpoint_updated=True | patience=0/2 | meaningful_improvement=True | stop=False | train_seconds=20.928 | dev_seconds=7.981 | epoch_seconds=29.031
2026-09-10T01:01:29Z | INFO | Epoch complete | stage=stage_a | epoch=9/10 | train_loss=0.597354036083 | dev_loss=0.611655810073 | AUROC=0.845956683327 | raw_best_epoch=9 | raw_best_loss=0.611655810073 | checkpoint_updated=True | patience=1/2 | meaningful_improvement=False | stop=False | train_seconds=19.867 | dev_seconds=7.833 | epoch_seconds=27.818
2026-09-10T01:01:57Z | INFO | Epoch complete | stage=stage_a | epoch=10/10 | train_loss=0.595847268677 | dev_loss=0.600925818118 | AUROC=0.842752787389 | raw_best_epoch=10 | raw_best_loss=0.600925818118 | checkpoint_updated=True | patience=0/2 | meaningful_improvement=True | stop=True | train_seconds=19.989 | dev_seconds=7.913 | epoch_seconds=28.024
2026-09-10T01:01:57Z | INFO | Stage complete | stage=stage_a | epochs=10 | stop=maximum_epochs | raw_best_epoch=10 | raw_best_loss=0.600925818118 | AUROC_at_raw_best=0.842752787389 | best_AUROC=0.845956683327 | best_AUROC_epoch=9
2026-09-10T01:01:57Z | INFO | Stage A selected checkpoint | resolution=r512 | seed=8 | epoch=10 | weighted_dev_loss=0.600925818118 | model_sha256=d07a9ad6f483cbac9a4c5c8df4f81e996f7cd99a94dd56c572cdbd68c1ca8d24
2026-09-10T01:01:57Z | INFO | Stage B branch start | resolution=r512 | seed=8 | backbone_lr=3e-05
2026-09-10T01:01:57Z | INFO | Stage start | stage=stage_b | maximum_epochs=30 | patience=5
2026-09-10T01:02:28Z | INFO | Epoch complete | stage=stage_b | epoch=1/30 | train_loss=0.579274963395 | dev_loss=0.435329365999 | AUROC=0.948139604426 | raw_best_epoch=1 | raw_best_loss=0.435329365999 | checkpoint_updated=True | patience=0/5 | meaningful_improvement=None | stop=False | train_seconds=22.265 | dev_seconds=7.860 | epoch_seconds=30.246
2026-09-10T01:02:28Z | INFO | Stage transition | stage=stage_b | epoch=1 | Backbone unfrozen and BatchNorm running statistics begin FantasyID domain adaptation; transient dev-loss movement is expected.
2026-09-10T01:02:58Z | INFO | Epoch complete | stage=stage_b | epoch=2/30 | train_loss=0.217735193608 | dev_loss=0.138682294986 | AUROC=0.993186381306 | raw_best_epoch=2 | raw_best_loss=0.138682294986 | checkpoint_updated=True | patience=0/5 | meaningful_improvement=True | stop=False | train_seconds=22.540 | dev_seconds=7.812 | epoch_seconds=30.473
2026-09-10T01:03:28Z | INFO | Epoch complete | stage=stage_b | epoch=3/30 | train_loss=0.107851138166 | dev_loss=0.069043124961 | AUROC=0.998910675381 | raw_best_epoch=3 | raw_best_loss=0.069043124961 | checkpoint_updated=True | patience=0/5 | meaningful_improvement=True | stop=False | train_seconds=22.117 | dev_seconds=7.809 | epoch_seconds=30.049
2026-09-10T01:03:58Z | INFO | Epoch complete | stage=stage_b | epoch=4/30 | train_loss=0.044381132309 | dev_loss=0.109532561164 | AUROC=0.998568926481 | raw_best_epoch=3 | raw_best_loss=0.069043124961 | checkpoint_updated=False | patience=1/5 | meaningful_improvement=False | stop=False | train_seconds=22.322 | dev_seconds=7.829 | epoch_seconds=30.153
2026-09-10T01:04:28Z | INFO | Epoch complete | stage=stage_b | epoch=5/30 | train_loss=0.026574893568 | dev_loss=0.068661866686 | AUROC=0.999615532488 | raw_best_epoch=5 | raw_best_loss=0.068661866686 | checkpoint_updated=True | patience=0/5 | meaningful_improvement=True | stop=False | train_seconds=22.067 | dev_seconds=7.637 | epoch_seconds=29.831
2026-09-10T01:04:58Z | INFO | Epoch complete | stage=stage_b | epoch=6/30 | train_loss=0.016522152833 | dev_loss=0.041839191900 | AUROC=0.999807766244 | raw_best_epoch=6 | raw_best_loss=0.041839191900 | checkpoint_updated=True | patience=0/5 | meaningful_improvement=True | stop=False | train_seconds=21.971 | dev_seconds=7.777 | epoch_seconds=29.869
2026-09-10T01:05:27Z | INFO | Epoch complete | stage=stage_b | epoch=7/30 | train_loss=0.008487772666 | dev_loss=0.094451064258 | AUROC=0.998910675381 | raw_best_epoch=6 | raw_best_loss=0.041839191900 | checkpoint_updated=False | patience=1/5 | meaningful_improvement=False | stop=False | train_seconds=21.694 | dev_seconds=7.636 | epoch_seconds=29.332
2026-09-10T01:05:57Z | INFO | Epoch complete | stage=stage_b | epoch=8/30 | train_loss=0.008377812974 | dev_loss=0.025880545618 | AUROC=0.999679610406 | raw_best_epoch=8 | raw_best_loss=0.025880545618 | checkpoint_updated=True | patience=0/5 | meaningful_improvement=True | stop=False | train_seconds=21.811 | dev_seconds=7.713 | epoch_seconds=29.650
2026-09-10T01:06:28Z | INFO | Epoch complete | stage=stage_b | epoch=9/30 | train_loss=0.008322891266 | dev_loss=0.064297451480 | AUROC=0.999487376650 | raw_best_epoch=8 | raw_best_loss=0.025880545618 | checkpoint_updated=False | patience=1/5 | meaningful_improvement=False | stop=False | train_seconds=22.756 | dev_seconds=8.184 | epoch_seconds=30.942
2026-09-10T01:06:59Z | INFO | Epoch complete | stage=stage_b | epoch=10/30 | train_loss=0.004895189885 | dev_loss=0.029218932883 | AUROC=0.999615532488 | raw_best_epoch=8 | raw_best_loss=0.025880545618 | checkpoint_updated=False | patience=2/5 | meaningful_improvement=False | stop=False | train_seconds=23.057 | dev_seconds=7.664 | epoch_seconds=30.722
2026-09-10T01:07:29Z | INFO | Epoch complete | stage=stage_b | epoch=11/30 | train_loss=0.007233103647 | dev_loss=0.052412343531 | AUROC=0.998739800931 | raw_best_epoch=8 | raw_best_loss=0.025880545618 | checkpoint_updated=False | patience=3/5 | meaningful_improvement=False | stop=False | train_seconds=22.377 | dev_seconds=7.934 | epoch_seconds=30.312
2026-09-10T01:07:59Z | INFO | Epoch complete | stage=stage_b | epoch=12/30 | train_loss=0.006693567738 | dev_loss=0.025310586382 | AUROC=0.999850484856 | raw_best_epoch=12 | raw_best_loss=0.025310586382 | checkpoint_updated=True | patience=0/5 | meaningful_improvement=True | stop=False | train_seconds=22.171 | dev_seconds=7.600 | epoch_seconds=29.893
2026-09-10T01:08:29Z | INFO | Epoch complete | stage=stage_b | epoch=13/30 | train_loss=0.005485172227 | dev_loss=0.039394528244 | AUROC=0.999508735956 | raw_best_epoch=12 | raw_best_loss=0.025310586382 | checkpoint_updated=False | patience=1/5 | meaningful_improvement=False | stop=False | train_seconds=21.762 | dev_seconds=8.157 | epoch_seconds=29.920
2026-09-10T01:08:58Z | INFO | Epoch complete | stage=stage_b | epoch=14/30 | train_loss=0.032864642237 | dev_loss=0.025997356953 | AUROC=0.999380580119 | raw_best_epoch=12 | raw_best_loss=0.025310586382 | checkpoint_updated=False | patience=2/5 | meaningful_improvement=False | stop=False | train_seconds=21.530 | dev_seconds=7.762 | epoch_seconds=29.293
2026-09-10T01:09:28Z | INFO | Epoch complete | stage=stage_b | epoch=15/30 | train_loss=0.011195209629 | dev_loss=0.036003276448 | AUROC=0.999081549831 | raw_best_epoch=12 | raw_best_loss=0.025310586382 | checkpoint_updated=False | patience=3/5 | meaningful_improvement=False | stop=False | train_seconds=22.237 | dev_seconds=7.638 | epoch_seconds=29.877
2026-09-10T01:09:57Z | INFO | Epoch complete | stage=stage_b | epoch=16/30 | train_loss=0.003863742657 | dev_loss=0.045138973489 | AUROC=0.999487376650 | raw_best_epoch=12 | raw_best_loss=0.025310586382 | checkpoint_updated=False | patience=4/5 | meaningful_improvement=False | stop=False | train_seconds=21.701 | dev_seconds=7.628 | epoch_seconds=29.331
2026-09-10T01:10:27Z | INFO | Epoch complete | stage=stage_b | epoch=17/30 | train_loss=0.004836024656 | dev_loss=0.035622010949 | AUROC=0.999700969713 | raw_best_epoch=12 | raw_best_loss=0.025310586382 | checkpoint_updated=False | patience=5/5 | meaningful_improvement=False | stop=True | train_seconds=22.352 | dev_seconds=7.746 | epoch_seconds=30.099
2026-09-10T01:10:28Z | INFO | Stage complete | stage=stage_b | epochs=17 | stop=patience | raw_best_epoch=12 | raw_best_loss=0.025310586382 | AUROC_at_raw_best=0.999850484856 | best_AUROC=0.999850484856 | best_AUROC_epoch=12
2026-09-10T01:10:28Z | INFO | Stage B branch complete | resolution=r512 | seed=8 | backbone_lr=3e-05 | epochs=17 | raw_best_epoch=12 | raw_best_dev_loss=0.025310586382 | AUROC_at_raw_best=0.999850484856 | best_AUROC=0.999850484856 | AUROC_difference=0.000000000000 | protocol_review=False
2026-09-10T01:10:28Z | INFO | Stage B branch start | resolution=r512 | seed=8 | backbone_lr=0.0001
2026-09-10T01:10:28Z | INFO | Stage start | stage=stage_b | maximum_epochs=30 | patience=5
2026-09-10T01:10:58Z | INFO | Epoch complete | stage=stage_b | epoch=1/30 | train_loss=0.482136826113 | dev_loss=0.119314646473 | AUROC=0.995407749156 | raw_best_epoch=1 | raw_best_loss=0.119314646473 | checkpoint_updated=True | patience=0/5 | meaningful_improvement=None | stop=False | train_seconds=22.102 | dev_seconds=7.662 | epoch_seconds=29.884
2026-09-10T01:10:58Z | INFO | Stage transition | stage=stage_b | epoch=1 | Backbone unfrozen and BatchNorm running statistics begin FantasyID domain adaptation; transient dev-loss movement is expected.
2026-09-10T01:11:28Z | INFO | Epoch complete | stage=stage_b | epoch=2/30 | train_loss=0.092527437761 | dev_loss=0.079650163884 | AUROC=0.998333974113 | raw_best_epoch=2 | raw_best_loss=0.079650163884 | checkpoint_updated=True | patience=0/5 | meaningful_improvement=True | stop=False | train_seconds=22.257 | dev_seconds=7.859 | epoch_seconds=30.238
2026-09-10T01:11:59Z | INFO | Epoch complete | stage=stage_b | epoch=3/30 | train_loss=0.051311686154 | dev_loss=0.143975450937 | AUROC=0.999615532488 | raw_best_epoch=2 | raw_best_loss=0.079650163884 | checkpoint_updated=False | patience=1/5 | meaningful_improvement=False | stop=False | train_seconds=22.627 | dev_seconds=8.137 | epoch_seconds=30.765
2026-09-10T01:12:29Z | INFO | Epoch complete | stage=stage_b | epoch=4/30 | train_loss=0.026387751325 | dev_loss=0.147118336662 | AUROC=0.995343671238 | raw_best_epoch=2 | raw_best_loss=0.079650163884 | checkpoint_updated=False | patience=2/5 | meaningful_improvement=False | stop=False | train_seconds=22.253 | dev_seconds=7.787 | epoch_seconds=30.042
2026-09-10T01:13:00Z | INFO | Epoch complete | stage=stage_b | epoch=5/30 | train_loss=0.010740692605 | dev_loss=0.096506501410 | AUROC=0.998974753300 | raw_best_epoch=2 | raw_best_loss=0.079650163884 | checkpoint_updated=False | patience=3/5 | meaningful_improvement=False | stop=False | train_seconds=22.909 | dev_seconds=7.717 | epoch_seconds=30.627
2026-09-10T01:13:30Z | INFO | Epoch complete | stage=stage_b | epoch=6/30 | train_loss=0.010009492851 | dev_loss=0.053326662709 | AUROC=0.999957281388 | raw_best_epoch=6 | raw_best_loss=0.053326662709 | checkpoint_updated=True | patience=0/5 | meaningful_improvement=True | stop=False | train_seconds=22.121 | dev_seconds=7.709 | epoch_seconds=29.955
2026-09-10T01:13:59Z | INFO | Epoch complete | stage=stage_b | epoch=7/30 | train_loss=0.009472354404 | dev_loss=0.057125417048 | AUROC=0.999700969713 | raw_best_epoch=6 | raw_best_loss=0.053326662709 | checkpoint_updated=False | patience=1/5 | meaningful_improvement=False | stop=False | train_seconds=21.908 | dev_seconds=7.721 | epoch_seconds=29.630
2026-09-10T01:14:29Z | INFO | Epoch complete | stage=stage_b | epoch=8/30 | train_loss=0.002973373838 | dev_loss=0.018149298706 | AUROC=0.999957281388 | raw_best_epoch=8 | raw_best_loss=0.018149298706 | checkpoint_updated=True | patience=0/5 | meaningful_improvement=True | stop=False | train_seconds=22.206 | dev_seconds=7.680 | epoch_seconds=30.009
2026-09-10T01:15:00Z | INFO | Epoch complete | stage=stage_b | epoch=9/30 | train_loss=0.002447847688 | dev_loss=0.025260460244 | AUROC=0.999871844163 | raw_best_epoch=8 | raw_best_loss=0.018149298706 | checkpoint_updated=False | patience=1/5 | meaningful_improvement=False | stop=False | train_seconds=23.049 | dev_seconds=7.842 | epoch_seconds=30.892
2026-09-10T01:15:31Z | INFO | Epoch complete | stage=stage_b | epoch=10/30 | train_loss=0.000990726870 | dev_loss=0.020656390986 | AUROC=0.999914562775 | raw_best_epoch=8 | raw_best_loss=0.018149298706 | checkpoint_updated=False | patience=2/5 | meaningful_improvement=False | stop=False | train_seconds=22.230 | dev_seconds=7.948 | epoch_seconds=30.179
2026-09-10T01:16:01Z | INFO | Epoch complete | stage=stage_b | epoch=11/30 | train_loss=0.001901459500 | dev_loss=0.020151996941 | AUROC=0.999935922081 | raw_best_epoch=8 | raw_best_loss=0.018149298706 | checkpoint_updated=False | patience=3/5 | meaningful_improvement=False | stop=False | train_seconds=22.478 | dev_seconds=7.930 | epoch_seconds=30.410
2026-09-10T01:16:31Z | INFO | Epoch complete | stage=stage_b | epoch=12/30 | train_loss=0.003377742026 | dev_loss=0.014951429794 | AUROC=0.999957281388 | raw_best_epoch=12 | raw_best_loss=0.014951429794 | checkpoint_updated=True | patience=0/5 | meaningful_improvement=True | stop=False | train_seconds=21.940 | dev_seconds=8.094 | epoch_seconds=30.160
2026-09-10T01:17:01Z | INFO | Epoch complete | stage=stage_b | epoch=13/30 | train_loss=0.000930470340 | dev_loss=0.038377852104 | AUROC=0.999530095263 | raw_best_epoch=12 | raw_best_loss=0.014951429794 | checkpoint_updated=False | patience=1/5 | meaningful_improvement=False | stop=False | train_seconds=22.351 | dev_seconds=7.928 | epoch_seconds=30.280
2026-09-10T01:17:32Z | INFO | Epoch complete | stage=stage_b | epoch=14/30 | train_loss=0.005066449326 | dev_loss=0.020292209780 | AUROC=0.999957281388 | raw_best_epoch=12 | raw_best_loss=0.014951429794 | checkpoint_updated=False | patience=2/5 | meaningful_improvement=False | stop=False | train_seconds=22.293 | dev_seconds=7.979 | epoch_seconds=30.273
2026-09-10T01:18:02Z | INFO | Epoch complete | stage=stage_b | epoch=15/30 | train_loss=0.048780777398 | dev_loss=0.067905771893 | AUROC=0.998803878850 | raw_best_epoch=12 | raw_best_loss=0.014951429794 | checkpoint_updated=False | patience=3/5 | meaningful_improvement=False | stop=False | train_seconds=22.488 | dev_seconds=8.063 | epoch_seconds=30.553
2026-09-10T01:18:33Z | INFO | Epoch complete | stage=stage_b | epoch=16/30 | train_loss=0.033989711445 | dev_loss=0.077573589014 | AUROC=0.998398052031 | raw_best_epoch=12 | raw_best_loss=0.014951429794 | checkpoint_updated=False | patience=4/5 | meaningful_improvement=False | stop=False | train_seconds=22.879 | dev_seconds=7.720 | epoch_seconds=30.601
2026-09-10T01:19:03Z | INFO | Epoch complete | stage=stage_b | epoch=17/30 | train_loss=0.006119243433 | dev_loss=0.024482140818 | AUROC=0.999786406938 | raw_best_epoch=12 | raw_best_loss=0.014951429794 | checkpoint_updated=False | patience=5/5 | meaningful_improvement=False | stop=True | train_seconds=22.579 | dev_seconds=8.036 | epoch_seconds=30.617
2026-09-10T01:19:04Z | INFO | Stage complete | stage=stage_b | epochs=17 | stop=patience | raw_best_epoch=12 | raw_best_loss=0.014951429794 | AUROC_at_raw_best=0.999957281388 | best_AUROC=0.999957281388 | best_AUROC_epoch=6
2026-09-10T01:19:04Z | INFO | Stage B branch complete | resolution=r512 | seed=8 | backbone_lr=0.0001 | epochs=17 | raw_best_epoch=12 | raw_best_dev_loss=0.014951429794 | AUROC_at_raw_best=0.999957281388 | best_AUROC=0.999957281388 | AUROC_difference=0.000000000000 | protocol_review=False
2026-09-10T01:19:04Z | INFO | Stage B branch start | resolution=r512 | seed=8 | backbone_lr=0.0003
2026-09-10T01:19:04Z | INFO | Stage start | stage=stage_b | maximum_epochs=30 | patience=5
2026-09-10T01:19:34Z | INFO | Epoch complete | stage=stage_b | epoch=1/30 | train_loss=0.489782387829 | dev_loss=0.117461483102 | AUROC=0.990965013456 | raw_best_epoch=1 | raw_best_loss=0.117461483102 | checkpoint_updated=True | patience=0/5 | meaningful_improvement=None | stop=False | train_seconds=22.157 | dev_seconds=7.694 | epoch_seconds=29.970
2026-09-10T01:19:34Z | INFO | Stage transition | stage=stage_b | epoch=1 | Backbone unfrozen and BatchNorm running statistics begin FantasyID domain adaptation; transient dev-loss movement is expected.
2026-09-10T01:20:05Z | INFO | Epoch complete | stage=stage_b | epoch=2/30 | train_loss=0.101760670339 | dev_loss=0.063062906037 | AUROC=0.998867956769 | raw_best_epoch=2 | raw_best_loss=0.063062906037 | checkpoint_updated=True | patience=0/5 | meaningful_improvement=True | stop=False | train_seconds=22.617 | dev_seconds=8.005 | epoch_seconds=30.745
2026-09-10T01:20:35Z | INFO | Epoch complete | stage=stage_b | epoch=3/30 | train_loss=0.073615211321 | dev_loss=0.169983366639 | AUROC=0.997842710069 | raw_best_epoch=2 | raw_best_loss=0.063062906037 | checkpoint_updated=False | patience=1/5 | meaningful_improvement=False | stop=False | train_seconds=22.013 | dev_seconds=7.836 | epoch_seconds=29.849
2026-09-10T01:21:06Z | INFO | Epoch complete | stage=stage_b | epoch=4/30 | train_loss=0.034654787392 | dev_loss=0.261452557315 | AUROC=0.997799991456 | raw_best_epoch=2 | raw_best_loss=0.063062906037 | checkpoint_updated=False | patience=2/5 | meaningful_improvement=False | stop=False | train_seconds=22.450 | dev_seconds=8.071 | epoch_seconds=30.523
2026-09-10T01:21:37Z | INFO | Epoch complete | stage=stage_b | epoch=5/30 | train_loss=0.016742265848 | dev_loss=0.017525852987 | AUROC=0.999871844163 | raw_best_epoch=5 | raw_best_loss=0.017525852987 | checkpoint_updated=True | patience=0/5 | meaningful_improvement=True | stop=False | train_seconds=22.798 | dev_seconds=8.181 | epoch_seconds=31.098
2026-09-10T01:22:07Z | INFO | Epoch complete | stage=stage_b | epoch=6/30 | train_loss=0.023747949655 | dev_loss=0.063110227776 | AUROC=0.997714554231 | raw_best_epoch=5 | raw_best_loss=0.017525852987 | checkpoint_updated=False | patience=1/5 | meaningful_improvement=False | stop=False | train_seconds=22.429 | dev_seconds=7.645 | epoch_seconds=30.075
2026-09-10T01:22:36Z | INFO | Epoch complete | stage=stage_b | epoch=7/30 | train_loss=0.030312262529 | dev_loss=0.043002820360 | AUROC=0.999786406938 | raw_best_epoch=5 | raw_best_loss=0.017525852987 | checkpoint_updated=False | patience=2/5 | meaningful_improvement=False | stop=False | train_seconds=21.963 | dev_seconds=7.708 | epoch_seconds=29.672
2026-09-10T01:23:06Z | INFO | Epoch complete | stage=stage_b | epoch=8/30 | train_loss=0.007043988207 | dev_loss=0.039872691428 | AUROC=0.999871844163 | raw_best_epoch=5 | raw_best_loss=0.017525852987 | checkpoint_updated=False | patience=3/5 | meaningful_improvement=False | stop=False | train_seconds=21.687 | dev_seconds=7.571 | epoch_seconds=29.259
2026-09-10T01:23:36Z | INFO | Epoch complete | stage=stage_b | epoch=9/30 | train_loss=0.032593566399 | dev_loss=0.051060254180 | AUROC=0.999658251100 | raw_best_epoch=5 | raw_best_loss=0.017525852987 | checkpoint_updated=False | patience=4/5 | meaningful_improvement=False | stop=False | train_seconds=22.728 | dev_seconds=7.668 | epoch_seconds=30.399
2026-09-10T01:24:06Z | INFO | Epoch complete | stage=stage_b | epoch=10/30 | train_loss=0.005660574383 | dev_loss=0.035234366632 | AUROC=0.999380580119 | raw_best_epoch=5 | raw_best_loss=0.017525852987 | checkpoint_updated=False | patience=5/5 | meaningful_improvement=False | stop=True | train_seconds=21.997 | dev_seconds=7.495 | epoch_seconds=29.492
2026-09-10T01:24:06Z | INFO | Stage complete | stage=stage_b | epochs=10 | stop=patience | raw_best_epoch=5 | raw_best_loss=0.017525852987 | AUROC_at_raw_best=0.999871844163 | best_AUROC=0.999871844163 | best_AUROC_epoch=5
2026-09-10T01:24:06Z | INFO | Stage B branch complete | resolution=r512 | seed=8 | backbone_lr=0.0003 | epochs=10 | raw_best_epoch=5 | raw_best_dev_loss=0.017525852987 | AUROC_at_raw_best=0.999871844163 | best_AUROC=0.999871844163 | AUROC_difference=0.000000000000 | protocol_review=False
2026-09-10T01:24:06Z | INFO | Resolution screen selection | resolution=r512 | seed=8 | selected_backbone_lr=0.0001 | selected_dev_loss=0.014951429794 | exact_loss_tie=False | protocol_review_required=False
2026-09-10T01:24:06Z | INFO | Stage A complete | epochs=10 | stop=maximum_epochs | raw_best_epoch=10 | raw_best_dev_loss=0.600925818118 | AUROC_at_raw_best=0.842752787389 | best_AUROC=0.845956683327
2026-09-10T01:24:06Z | INFO | Stage B complete | backbone_lr=3e-05 | epochs=17 | stop=patience | raw_best_epoch=12 | raw_best_dev_loss=0.025310586382 | AUROC_at_raw_best=0.999850484856 | best_AUROC=0.999850484856 | AUROC_difference=0.000000000000 | protocol_review=False
2026-09-10T01:24:06Z | INFO | Stage B complete | backbone_lr=0.0001 | epochs=17 | stop=patience | raw_best_epoch=12 | raw_best_dev_loss=0.014951429794 | AUROC_at_raw_best=0.999957281388 | best_AUROC=0.999957281388 | AUROC_difference=0.000000000000 | protocol_review=False
2026-09-10T01:24:06Z | INFO | Stage B complete | backbone_lr=0.0003 | epochs=10 | stop=patience | raw_best_epoch=5 | raw_best_dev_loss=0.017525852987 | AUROC_at_raw_best=0.999871844163 | best_AUROC=0.999871844163 | AUROC_difference=0.000000000000 | protocol_review=False
2026-09-10T01:24:06Z | INFO | LR selection | selected_backbone_lr=0.0001 | selected_raw_best_dev_loss=0.014951429794 | exact_loss_tie=False | protocol_review_required=False
2026-09-10T01:24:06Z | INFO | Scientific screening complete | total_epochs=54 | duration_seconds=1613.279 | mean_seconds_per_epoch=29.876
2026-09-10T01:24:07Z | INFO | 
2026-09-10T01:24:07Z | INFO | ========================================================================
2026-09-10T01:24:07Z | INFO | REAL LR SCREENING: PASS
2026-09-10T01:24:07Z | INFO | ========================================================================
2026-09-10T01:24:07Z | INFO | Run directory: /home/u5757978/ForgedDocDetect/runs/20260910T005713_188852Z_resnet18_lr_screen_r512_seed8_IMTA134_745f47f3
2026-09-10T01:24:07Z | INFO | Selected backbone LR: 0.0001
2026-09-10T01:24:07Z | INFO | Selected raw-best weighted dev loss: 0.014951429794
2026-09-10T01:24:07Z | INFO | Artifact manifest: /home/u5757978/ForgedDocDetect/runs/20260910T005713_188852Z_resnet18_lr_screen_r512_seed8_IMTA134_745f47f3/manifests/lr_screening_artifacts.yaml
2026-09-10T01:24:07Z | INFO | Protocol review required: False
2026-09-10T01:24:07Z | INFO | Held-out test: NOT ACCESSED
