2026-09-09T19:08:00Z | INFO | ========================================================================
2026-09-09T19:08:00Z | INFO | RESNET-18 DATALOADER + RNG REPRODUCIBILITY AUDIT
2026-09-09T19:08:00Z | INFO | ========================================================================
2026-09-09T19:08:00Z | INFO | Git commit: 70926472dedf7faaeec86c3172e43c602735030d
2026-09-09T19:08:00Z | INFO | Git working tree clean before evidence generation: True
2026-09-09T19:08:00Z | INFO | Audit script SHA-256: 088d171d05d42fe855aa14e4c93241bc4d6e8c55e4f93f2fdad6e5aa859112b6
2026-09-09T19:08:00Z | INFO | src/data.py SHA-256: b9cb486b2a5d2938cfe8d838802c2416cca85fedffe882682ff1c8efd3f742f2
2026-09-09T19:08:00Z | INFO | src/reproducibility.py SHA-256: 33bbb093c3bbb16379f0d27e72fa5b0c80a2b14d699b8f16d62d1d0ef5ef8608
2026-09-09T19:08:00Z | INFO | src/dataloading.py SHA-256: 8573b046523e0533be169a2be5674e8a47437c34151cdf062d929e674df7ad0d
2026-09-09T19:08:00Z | INFO | Audit config SHA-256: 223ec01b5929d2b55f2494d986094c499b9f7841c040fe1d82bb4fdc565a3994
2026-09-09T19:08:00Z | INFO | Experiment config SHA-256: 63a0b561dff3dd37b80dba2f60301daacf178fb7656737fa59f0438e254df803
2026-09-09T19:08:00Z | INFO | Machine ID: sush-AMD
2026-09-09T19:08:00Z | INFO | Device: cuda
2026-09-09T19:08:00Z | INFO | Configured num_workers: 8
2026-09-09T19:08:00Z | INFO | Canonical validator log: /home/sush/ForgedDocDetect/logs/validate_experiment_config_2026-09-09_190800_030438Z.log
2026-09-09T19:08:00Z | INFO | Canonical validator log SHA-256: 2b6a9bf0535138a1c30fbeadf434f7dde03e45106701e7349a52f4fa378270d1
2026-09-09T19:08:00Z | INFO | Seeds: [8, 9, 10]
2026-09-09T19:08:00Z | INFO | Resolutions: ['r256', 'r512']
2026-09-09T19:08:00Z | INFO | held-out test: NOT ACCESSED
2026-09-09T19:08:00Z | INFO | 
2026-09-09T19:08:00Z | INFO | --- Global reproducibility contract ---
2026-09-09T19:08:00Z | INFO | [PASS] Global RNG reproducibility | seed=8 | sha256=415a47a54f7acba919c6bcd670f7ad10a4f7cce11b11bda9ecb6294f70663b32
2026-09-09T19:08:00Z | INFO | [PASS] Global RNG reproducibility | seed=9 | sha256=e87ebc336bd5fc5fe0bc5c605886439542b0f3a954f6bab7faac50a2b3096c83
2026-09-09T19:08:00Z | INFO | [PASS] Global RNG reproducibility | seed=10 | sha256=7871cb83e8fdb78b25dd066b1e4b7c9f3852aa7b20016475c64827c099fd05c9
2026-09-09T19:08:00Z | INFO | [PASS] Seeds 8/9/10 produce distinct global RNG streams
2026-09-09T19:08:00Z | INFO | 
2026-09-09T19:08:00Z | INFO | --- DataLoader worker RNG contract ---
2026-09-09T19:08:00Z | INFO | [PASS] Worker RNG contract | seed=8 | workers=8 | sha256=5aae14778c832a935fe0a63db01b2aabd9e0abe3a634533c1744e6b112b189ef
2026-09-09T19:08:00Z | INFO | [PASS] Worker RNG contract | seed=9 | workers=8 | sha256=1c4d143ea2bdcf66d2669aac01a7085264ab12ea43768d692ea8ea3d990b8d37
2026-09-09T19:08:00Z | INFO | [PASS] Worker RNG contract | seed=10 | workers=8 | sha256=0b4d5718319391eb6458f1090f8d4e5dc7fa60aab8693d8a7641365ff0072fb9
2026-09-09T19:08:00Z | INFO | 
2026-09-09T19:08:00Z | INFO | --- Multi-worker reference ordering ---
2026-09-09T19:08:00Z | INFO | [PASS] Reference DataLoader order | seed=8 | train=2910be15a930f695e94b80b4253aab0fd8850e7a8d9ed0f2f87c32ee49c679a7 | dev=d67930d62e66d27f449c60fd422631e86657f62d1cafc4eb7e8d63ad51ad0ec2
2026-09-09T19:08:00Z | INFO | [PASS] Reference DataLoader order | seed=9 | train=6e891c9ce90db2e8b497ef3eea878a84a7b38f4eefdb1d1fe5ba3374e36fab3e | dev=d67930d62e66d27f449c60fd422631e86657f62d1cafc4eb7e8d63ad51ad0ec2
2026-09-09T19:08:00Z | INFO | [PASS] Reference DataLoader order | seed=10 | train=351942d4645fe1eb45736b67f1547780d68bfc7f716b245da0046733cac8f635 | dev=d67930d62e66d27f449c60fd422631e86657f62d1cafc4eb7e8d63ad51ad0ec2
2026-09-09T19:08:00Z | INFO | [PASS] Seeds 8/9/10 produce distinct train permutations
2026-09-09T19:08:00Z | INFO | 
2026-09-09T19:08:00Z | INFO | --- Actual FantasyID multi-worker loaders ---
2026-09-09T19:08:30Z | INFO | [PASS] Actual DataLoaders | resolution=r256 | seed=8 | train_order=2910be15a930f695e94b80b4253aab0fd8850e7a8d9ed0f2f87c32ee49c679a7 | dev_order=d67930d62e66d27f449c60fd422631e86657f62d1cafc4eb7e8d63ad51ad0ec2
2026-09-09T19:09:01Z | INFO | [PASS] Actual DataLoaders | resolution=r256 | seed=9 | train_order=6e891c9ce90db2e8b497ef3eea878a84a7b38f4eefdb1d1fe5ba3374e36fab3e | dev_order=d67930d62e66d27f449c60fd422631e86657f62d1cafc4eb7e8d63ad51ad0ec2
2026-09-09T19:09:31Z | INFO | [PASS] Actual DataLoaders | resolution=r256 | seed=10 | train_order=351942d4645fe1eb45736b67f1547780d68bfc7f716b245da0046733cac8f635 | dev_order=d67930d62e66d27f449c60fd422631e86657f62d1cafc4eb7e8d63ad51ad0ec2
2026-09-09T19:10:04Z | INFO | [PASS] Actual DataLoaders | resolution=r512 | seed=8 | train_order=2910be15a930f695e94b80b4253aab0fd8850e7a8d9ed0f2f87c32ee49c679a7 | dev_order=d67930d62e66d27f449c60fd422631e86657f62d1cafc4eb7e8d63ad51ad0ec2
2026-09-09T19:10:38Z | INFO | [PASS] Actual DataLoaders | resolution=r512 | seed=9 | train_order=6e891c9ce90db2e8b497ef3eea878a84a7b38f4eefdb1d1fe5ba3374e36fab3e | dev_order=d67930d62e66d27f449c60fd422631e86657f62d1cafc4eb7e8d63ad51ad0ec2
2026-09-09T19:11:12Z | INFO | [PASS] Actual DataLoaders | resolution=r512 | seed=10 | train_order=351942d4645fe1eb45736b67f1547780d68bfc7f716b245da0046733cac8f635 | dev_order=d67930d62e66d27f449c60fd422631e86657f62d1cafc4eb7e8d63ad51ad0ec2
2026-09-09T19:11:12Z | INFO | [PASS] Same run seed gives identical train order for r256 and r512
2026-09-09T19:11:12Z | INFO | [PASS] dev_val manifest order is identical across all seeds and resolutions
2026-09-09T19:11:12Z | INFO | 
2026-09-09T19:11:12Z | INFO | ========================================================================
2026-09-09T19:11:12Z | INFO | AUDIT SUMMARY
2026-09-09T19:11:12Z | INFO | ========================================================================
2026-09-09T19:11:12Z | INFO | [PASS] Python RNG reproducibility for seeds 8/9/10
2026-09-09T19:11:12Z | INFO | [PASS] NumPy RNG reproducibility for seeds 8/9/10
2026-09-09T19:11:12Z | INFO | [PASS] torch CPU RNG reproducibility for seeds 8/9/10
2026-09-09T19:11:12Z | INFO | [PASS] torch CUDA RNG reproducibility for seeds 8/9/10
2026-09-09T19:11:12Z | INFO | [PASS] deterministic backend flags active
2026-09-09T19:11:12Z | INFO | [PASS] configured worker seeding deterministic
2026-09-09T19:11:12Z | INFO | [PASS] repeated fresh train DataLoaders reproduce order
2026-09-09T19:11:12Z | INFO | [PASS] different seeds produce different train orders
2026-09-09T19:11:12Z | INFO | [PASS] dev_val order remains manifest order
2026-09-09T19:11:12Z | INFO | [PASS] dev iteration does not perturb train generator
2026-09-09T19:11:12Z | INFO | [PASS] same seed gives same order at r256 and r512
2026-09-09T19:11:12Z | INFO | [PASS] actual FantasyID loaders match reference ordering
2026-09-09T19:11:12Z | INFO | [PASS] batch counts, sizes, dtypes and geometry
2026-09-09T19:11:12Z | INFO | Audit result: /home/sush/ForgedDocDetect/logs/audit_resnet18_dataloader_sush-AMD_2026-09-09_190800_061473Z.yaml
2026-09-09T19:11:12Z | INFO | Audit result SHA-256: 3d35a0357f77356fe5a36cd2133c6d0dbdf3b3455ab866340d2cbf4450f28784
2026-09-09T19:11:12Z | INFO | ========================================================================
2026-09-09T19:11:12Z | INFO | RESNET-18 DATALOADER + RNG REPRODUCIBILITY AUDIT: PASS
2026-09-09T19:11:12Z | INFO | ========================================================================
