2026-09-05T23:37:16Z | INFO | ========================================================================
2026-09-05T23:37:16Z | INFO | PRETRAINED RESNET-18 FEATURE PROBE
2026-09-05T23:37:16Z | INFO | ========================================================================
2026-09-05T23:37:16Z | INFO | Git commit: 6bcf7c0840f7ccf14b3f55984d0fea090222bf9f
2026-09-05T23:37:16Z | INFO | Experiment config SHA-256: 4f7b8055bc63544188d9c1d7a75a625ccfbf653bd45fa902dd90c6252bcc89cb
2026-09-05T23:37:16Z | INFO | Probe config SHA-256: 2c5ca1b77958a13e3ba7698fc93e7012533c506229cf8a22b6feebf1053acdfc
2026-09-05T23:37:16Z | INFO | Frozen project_train manifest: /home/sush/ForgedDocDetect/output/splits/fantasyid_project_split_2026-09-05_091937_project_train.csv
2026-09-05T23:37:16Z | INFO | Frozen project_train manifest SHA-256: 6307b1516f0e8a6db661077fedad704bbd13f6242c9795ca11310ac86d650cc8
2026-09-05T23:37:16Z | INFO | torch=2.11.0+cu128 torchvision=0.26.0+cu128
2026-09-05T23:37:16Z | INFO | device=cuda
2026-09-05T23:37:16Z | INFO | Weights enum: ResNet18_Weights.IMAGENET1K_V1
2026-09-05T23:37:16Z | INFO | Weights URL: https://download.pytorch.org/models/resnet18-f37072fd.pth
2026-09-05T23:37:16Z | INFO | Cached checkpoint: /home/sush/.cache/torch/hub/checkpoints/resnet18-f37072fd.pth
2026-09-05T23:37:16Z | INFO | Checkpoint SHA-256: f37072fd47e89c5e827621c5baffa7500819f7896bbacec160b1a16c560e07ec
2026-09-05T23:37:16Z | INFO | ImageNet mean=[0.485, 0.456, 0.406]
2026-09-05T23:37:16Z | INFO | ImageNet std=[0.229, 0.224, 0.225]
2026-09-05T23:37:16Z | INFO | Resize short side=256, aspect ratio preserved
2026-09-05T23:37:16Z | INFO | Crop=NONE
2026-09-05T23:37:16Z | WARNING | ImageNet predictions are exploratory because the official 224x224 center crop is deliberately omitted.
2026-09-05T23:37:16Z | INFO | Diagnostic output root: /home/sush/ForgedDocDetect/runs/exploratory_pretrained_resnet18_2026-09-05_233716_235999Z/diagnostics
2026-09-05T23:37:16Z | INFO | ------------------------------------------------------------------------
2026-09-05T23:37:16Z | INFO | Image: train/bonafide/huawei/arabic-003_03.jpg
2026-09-05T23:37:16Z | INFO | SHA-256: 0a2f985ead79169ead378f14d1af08f4d22f35641bb9e2ad37e9d5d3730be007
2026-09-05T23:37:16Z | INFO | traffic_type=bonafide variant= hardware_source=huawei
2026-09-05T23:37:16Z | INFO | Original size W x H: (3023, 1884)
2026-09-05T23:37:16Z | INFO | Model input size W x H: (410, 256)
2026-09-05T23:37:16Z | INFO | Captured 31 activation tensors.
2026-09-05T23:37:16Z | INFO | Activation conv::conv1                         shape=(1, 64, 128, 205)
2026-09-05T23:37:16Z | INFO | Activation stem_relu                           shape=(1, 64, 128, 205)
2026-09-05T23:37:16Z | INFO | Activation maxpool                             shape=(1, 64, 64, 103)
2026-09-05T23:37:16Z | INFO | Activation conv::layer1.0.conv1                shape=(1, 64, 64, 103)
2026-09-05T23:37:16Z | INFO | Activation conv::layer1.0.conv2                shape=(1, 64, 64, 103)
2026-09-05T23:37:16Z | INFO | Activation block::layer1.0                     shape=(1, 64, 64, 103)
2026-09-05T23:37:16Z | INFO | Activation conv::layer1.1.conv1                shape=(1, 64, 64, 103)
2026-09-05T23:37:16Z | INFO | Activation conv::layer1.1.conv2                shape=(1, 64, 64, 103)
2026-09-05T23:37:16Z | INFO | Activation block::layer1.1                     shape=(1, 64, 64, 103)
2026-09-05T23:37:16Z | INFO | Activation conv::layer2.0.conv1                shape=(1, 128, 32, 52)
2026-09-05T23:37:16Z | INFO | Activation conv::layer2.0.conv2                shape=(1, 128, 32, 52)
2026-09-05T23:37:16Z | INFO | Activation conv::layer2.0.downsample.0         shape=(1, 128, 32, 52)
2026-09-05T23:37:16Z | INFO | Activation block::layer2.0                     shape=(1, 128, 32, 52)
2026-09-05T23:37:16Z | INFO | Activation conv::layer2.1.conv1                shape=(1, 128, 32, 52)
2026-09-05T23:37:16Z | INFO | Activation conv::layer2.1.conv2                shape=(1, 128, 32, 52)
2026-09-05T23:37:16Z | INFO | Activation block::layer2.1                     shape=(1, 128, 32, 52)
2026-09-05T23:37:16Z | INFO | Activation conv::layer3.0.conv1                shape=(1, 256, 16, 26)
2026-09-05T23:37:16Z | INFO | Activation conv::layer3.0.conv2                shape=(1, 256, 16, 26)
2026-09-05T23:37:16Z | INFO | Activation conv::layer3.0.downsample.0         shape=(1, 256, 16, 26)
2026-09-05T23:37:16Z | INFO | Activation block::layer3.0                     shape=(1, 256, 16, 26)
2026-09-05T23:37:16Z | INFO | Activation conv::layer3.1.conv1                shape=(1, 256, 16, 26)
2026-09-05T23:37:16Z | INFO | Activation conv::layer3.1.conv2                shape=(1, 256, 16, 26)
2026-09-05T23:37:16Z | INFO | Activation block::layer3.1                     shape=(1, 256, 16, 26)
2026-09-05T23:37:16Z | INFO | Activation conv::layer4.0.conv1                shape=(1, 512, 8, 13)
2026-09-05T23:37:16Z | INFO | Activation conv::layer4.0.conv2                shape=(1, 512, 8, 13)
2026-09-05T23:37:16Z | INFO | Activation conv::layer4.0.downsample.0         shape=(1, 512, 8, 13)
2026-09-05T23:37:16Z | INFO | Activation block::layer4.0                     shape=(1, 512, 8, 13)
2026-09-05T23:37:16Z | INFO | Activation conv::layer4.1.conv1                shape=(1, 512, 8, 13)
2026-09-05T23:37:16Z | INFO | Activation conv::layer4.1.conv2                shape=(1, 512, 8, 13)
2026-09-05T23:37:16Z | INFO | Activation block::layer4.1                     shape=(1, 512, 8, 13)
2026-09-05T23:37:16Z | INFO | Activation avgpool                             shape=(1, 512, 1, 1)
2026-09-05T23:37:24Z | INFO | avgpool output shape=(1, 512, 1, 1)
2026-09-05T23:37:24Z | INFO | avgpool flattened dimensionality=512
2026-09-05T23:37:25Z | INFO | Top ImageNet predictions (exploratory because center crop was deliberately omitted):
2026-09-05T23:37:25Z | INFO |    1 | book jacket                    0.244477
2026-09-05T23:37:25Z | INFO |    2 | menu                           0.094968
2026-09-05T23:37:25Z | INFO |    3 | crossword puzzle               0.067025
2026-09-05T23:37:25Z | INFO |    4 | envelope                       0.040355
2026-09-05T23:37:25Z | INFO |    5 | comic book                     0.036865
2026-09-05T23:37:25Z | INFO |    6 | jigsaw puzzle                  0.018726
2026-09-05T23:37:25Z | INFO |    7 | handkerchief                   0.018627
2026-09-05T23:37:25Z | INFO |    8 | shower curtain                 0.017085
2026-09-05T23:37:25Z | INFO |    9 | web site                       0.013260
2026-09-05T23:37:25Z | INFO |   10 | toilet tissue                  0.012977
2026-09-05T23:37:25Z | INFO | [PASS] Completed image probe: train/bonafide/huawei/arabic-003_03.jpg
2026-09-05T23:37:25Z | INFO | ========================================================================
2026-09-05T23:37:25Z | INFO | PRETRAINED RESNET-18 FEATURE PROBE: PASS
2026-09-05T23:37:25Z | INFO | ========================================================================
